{
    "Kind": "containerlab",
    "PreviousHashes": {
        "config": "",
        "exposedPorts": "",
        "filesFromURL": null,
        "imagePullSecrets": ""
    },
    "ResolvedHashes": {
        "config": "",
        "exposedPorts": "",
        "filesFromURL": null,
        "imagePullSecrets": ""
    },
    "PreviousConfigs": null,
    "ResolvedConfigs": {
        "srl1": {
            "Name": "clabernetes-srl1",
            "Prefix": "",
            "Mgmt": null,
            "Topology": {
                "Defaults": {
                    "Kind": "",
                    "Group": "",
                    "Type": "",
                    "StartupConfig": "",
                    "StartupDelay": 0,
                    "EnforceStartupConfig": false,
                    "AutoRemove": null,
                    "Config": null,
                    "Image": "",
                    "ImagePullPolicy": "",
                    "License": "",
                    "Position": "",
                    "Entrypoint": "",
                    "Cmd": "",
                    "SANs": null,
                    "Exec": null,
                    "Binds": null,
                    "Ports": [
                        "60000:21/tcp",
                        "60001:22/tcp",
                        "60002:23/tcp",
                        "60003:80/tcp",
                        "60000:161/udp",
                        "60004:443/tcp",
                        "60005:830/tcp",
                        "60006:5000/tcp",
                        "60007:5900/tcp",
                        "60008:6030/tcp",
                        "60009:9339/tcp",
                        "60010:9340/tcp",
                        "60011:9559/tcp",
                        "60012:57400/tcp"
                    ],
                    "MgmtIPv4": "",
                    "MgmtIPv6": "",
                    "Publish": null,
                    "Env": null,
                    "EnvFiles": null,
                    "User": "",
                    "Labels": null,
                    "NetworkMode": "",
                    "Sandbox": "",
                    "Kernel": "",
                    "Runtime": "",
                    "CPU": 0,
                    "CPUSet": "",
                    "Memory": "",
                    "Sysctls": null,
                    "Extras": null,
                    "WaitFor": null,
                    "DNS": null,
                    "Certificate": null
                },
                "Kinds": null,
                "Nodes": {
                    "srl1": {
                        "Kind": "srl",
                        "Group": "",
                        "Type": "",
                        "StartupConfig": "",
                        "StartupDelay": 0,
                        "EnforceStartupConfig": false,
                        "AutoRemove": null,
                        "Config": null,
                        "Image": "ghcr.io/nokia/srlinux",
                        "ImagePullPolicy": "",
                        "License": "",
                        "Position": "",
                        "Entrypoint": "",
                        "Cmd": "",
                        "SANs": null,
                        "Exec": null,
                        "Binds": null,
                        "Ports": [],
                        "MgmtIPv4": "",
                        "MgmtIPv6": "",
                        "Publish": null,
                        "Env": null,
                        "EnvFiles": null,
                        "User": "",
                        "Labels": null,
                        "NetworkMode": "",
                        "Sandbox": "",
                        "Kernel": "",
                        "Runtime": "",
                        "CPU": 0,
                        "CPUSet": "",
                        "Memory": "",
                        "Sysctls": null,
                        "Extras": null,
                        "WaitFor": null,
                        "DNS": null,
                        "Certificate": null
                    }
                },
                "Links": [
                    {
                        "Type": "",
                        "Endpoints": [
                            "srl1:e1-1",
                            "host:srl1-e1-1"
                        ],
                        "Labels": null,
                        "Vars": null,
                        "MTU": 0
                    },
                    {
                        "Type": "",
                        "Endpoints": [
                            "srl1:e3-3",
                            "host:eth3-3"
                        ],
                        "Labels": null,
                        "Vars": null,
                        "MTU": 0
                    }
                ]
            },
            "Debug": false
        },
        "srl2": {
            "Name": "clabernetes-srl2",
            "Prefix": "",
            "Mgmt": null,
            "Topology": {
                "Defaults": {
                    "Kind": "",
                    "Group": "",
                    "Type": "",
                    "StartupConfig": "",
                    "StartupDelay": 0,
                    "EnforceStartupConfig": false,
                    "AutoRemove": null,
                    "Config": null,
                    "Image": "",
                    "ImagePullPolicy": "",
                    "License": "",
                    "Position": "",
                    "Entrypoint": "",
                    "Cmd": "",
                    "SANs": null,
                    "Exec": null,
                    "Binds": null,
                    "Ports": [
                        "60000:21/tcp",
                        "60001:22/tcp",
                        "60002:23/tcp",
                        "60003:80/tcp",
                        "60000:161/udp",
                        "60004:443/tcp",
                        "60005:830/tcp",
                        "60006:5000/tcp",
                        "60007:5900/tcp",
                        "60008:6030/tcp",
                        "60009:9339/tcp",
                        "60010:9340/tcp",
                        "60011:9559/tcp",
                        "60012:57400/tcp"
                    ],
                    "MgmtIPv4": "",
                    "MgmtIPv6": "",
                    "Publish": null,
                    "Env": null,
                    "EnvFiles": null,
                    "User": "",
                    "Labels": null,
                    "NetworkMode": "",
                    "Sandbox": "",
                    "Kernel": "",
                    "Runtime": "",
                    "CPU": 0,
                    "CPUSet": "",
                    "Memory": "",
                    "Sysctls": null,
                    "Extras": null,
                    "WaitFor": null,
                    "DNS": null,
                    "Certificate": null
                },
                "Kinds": null,
                "Nodes": {
                    "srl2": {
                        "Kind": "srl",
                        "Group": "",
                        "Type": "",
                        "StartupConfig": "",
                        "StartupDelay": 0,
                        "EnforceStartupConfig": false,
                        "AutoRemove": null,
                        "Config": null,
                        "Image": "ghcr.io/nokia/srlinux",
                        "ImagePullPolicy": "",
                        "License": "",
                        "Position": "",
                        "Entrypoint": "",
                        "Cmd": "",
                        "SANs": null,
                        "Exec": null,
                        "Binds": null,
                        "Ports": [],
                        "MgmtIPv4": "",
                        "MgmtIPv6": "",
                        "Publish": null,
                        "Env": null,
                        "EnvFiles": null,
                        "User": "",
                        "Labels": null,
                        "NetworkMode": "",
                        "Sandbox": "",
                        "Kernel": "",
                        "Runtime": "",
                        "CPU": 0,
                        "CPUSet": "",
                        "Memory": "",
                        "Sysctls": null,
                        "Extras": null,
                        "WaitFor": null,
                        "DNS": null,
                        "Certificate": null
                    }
                },
                "Links": [
                    {
                        "Type": "",
                        "Endpoints": [
                            "srl2:e1-1",
                            "host:srl2-e1-1"
                        ],
                        "Labels": null,
                        "Vars": null,
                        "MTU": 0
                    }
                ]
            },
            "Debug": false
        }
    },
    "ResolvedConfigsBytes": null,
    "ResolvedTunnels": {
        "srl1": [
            {
                "tunnelID": 0,
                "destination": "process-containerlab-definition-host-and-links-test-srl2-vx.clabernetes.svc.cluster.local",
                "localNode": "srl1",
                "localInterface": "e1-1",
                "remoteNode": "srl2",
                "remoteInterface": "e1-1"
            }
        ],
        "srl2": [
            {
                "tunnelID": 0,
                "destination": "process-containerlab-definition-host-and-links-test-srl1-vx.clabernetes.svc.cluster.local",
                "localNode": "srl2",
                "localInterface": "e1-1",
                "remoteNode": "srl1",
                "remoteInterface": "e1-1"
            }
        ]
    },
    "ResolvedExposedPorts": null,
    "PreviousNodeStatuses": null,
    "NodeStatuses": null,
    "TopologyReady": false,
    "NodesNeedingReboot": null,
    "ShouldUpdateResource": false
}