{
    "node1": {
        "loadBalancerAddress": "",
        "tcpPorts": [],
        "udpPorts": []
    }
}