{
    "metadata": {
        "name": "render-service-expose-test-node1",
        "namespace": "clabernetes",
        "creationTimestamp": null,
        "labels": {
            "clabernetes/app": "clabernetes",
            "clabernetes/name": "render-service-expose-test-node1",
            "clabernetes/topologyKind": "containerlab",
            "clabernetes/topologyNode": "node1",
            "clabernetes/topologyOwner": "render-service-expose-test",
            "clabernetes/topologyServiceType": "expose"
        }
    },
    "spec": {
        "selector": {
            "clabernetes/app": "clabernetes",
            "clabernetes/name": "render-service-expose-test-node1",
            "clabernetes/topologyNode": "node1",
            "clabernetes/topologyOwner": "render-service-expose-test"
        },
        "type": "LoadBalancer",
        "loadBalancerIP": "10.1.2.3"
    },
    "status": {
        "loadBalancer": {}
    }
}